----------------------------------------------------------------------
--  Parse tree for test_02.m
Root: Function_File
  Functions: Function_Definition
    Signature: Function_Signature
      Name: Identifier <test_02>
      Inputs: Identifier <x>
    Body: Sequence_Of_Statements
      Statements: Parallel_For_Statement
        Identifier: Identifier <i>
        Range: Range_Expression
          First: Number_Literal <1>
          Last: Identifier <x>
        Workers: Number_Literal <8>
        Body: Sequence_Of_Statements
          Statements: Naked_Expression_Statement
            Expression: Reference
              Name: Identifier <disp>
              Arguments: Identifier <i>
----------------------------------------------------------------------
MISS_HIT Debug Summary: 1 file(s) analysed, everything seems fine
