----------------------------------------------------------------------
--  Parse tree for test_02.m
Root: Function_File
  Functions: Function_Definition
    Signature: Function_Signature
      Name: Identifier <test_02>
      Inputs: Identifier <a>
      Inputs: Identifier <b>
      Inputs: Identifier <c>
      Inputs: Identifier <d>
      Outputs: Identifier <r>
    Body: Sequence_Of_Statements
      Statements: If_Statement
        Action: If Action
          Guard: Binary_Operation ==
            LHS: Matrix_Expression
              Content: Row_List
                Items: Row
                  Items: Binary_Logical_Operation |
                    Short-Circuit: False
                    LHS: Identifier <a>
                    RHS: Identifier <b>
                  Items: Binary_Logical_Operation &
                    Short-Circuit: False
                    LHS: Identifier <b>
                    RHS: Identifier <c>
            RHS: Matrix_Expression
              Content: Row_List
                Items: Row
                  Items: Binary_Logical_Operation |
                    Short-Circuit: False
                    LHS: Identifier <b>
                    RHS: Identifier <c>
                  Items: Binary_Logical_Operation &
                    Short-Circuit: False
                    LHS: Identifier <c>
                    RHS: Identifier <d>
          Body: Sequence_Of_Statements
            Statements: Simple_Assignment_Statement
              LHS: Identifier <r>
              RHS: Char_Array_Literal 'a'
        Action: Else Action
          Body: Sequence_Of_Statements
            Statements: Simple_Assignment_Statement
              LHS: Identifier <r>
              RHS: Char_Array_Literal 'b'
----------------------------------------------------------------------
MISS_HIT Debug Summary: 1 file(s) analysed, everything seems fine
