----------------------------------------------------------------------
--  Parse tree for test_01.m
Root: Function_File
  Functions: Function_Definition
    Signature: Function_Signature
      Name: Identifier <test_01>
      Inputs: Identifier <a>
      Inputs: Identifier <b>
      Inputs: Identifier <c>
      Inputs: Identifier <d>
      Outputs: Identifier <r>
    Body: Sequence_Of_Statements
      Statements: If_Statement
        Action: If Action
          Guard: Binary_Logical_Operation &
            Short-Circuit: True
            LHS: Reference
              Name: Identifier <sum>
              Arguments: Binary_Logical_Operation |
                Short-Circuit: False
                LHS: Identifier <a>
                RHS: Identifier <b>
            RHS: Reference
              Name: Identifier <sum>
              Arguments: Binary_Logical_Operation |
                Short-Circuit: False
                LHS: Identifier <c>
                RHS: Identifier <d>
          Body: Sequence_Of_Statements
            Statements: Simple_Assignment_Statement
              LHS: Identifier <r>
              RHS: Char_Array_Literal 'a'
        Action: Elseif Action
          Guard: Reference
            Name: Identifier <sum>
            Arguments: Binary_Logical_Operation |
              Short-Circuit: False
              LHS: Identifier <a>
              RHS: Identifier <b>
          Body: Sequence_Of_Statements
            Statements: Simple_Assignment_Statement
              LHS: Identifier <r>
              RHS: Char_Array_Literal 'b'
        Action: Elseif Action
          Guard: Reference
            Name: Identifier <sum>
            Arguments: Binary_Logical_Operation |
              Short-Circuit: False
              LHS: Identifier <c>
              RHS: Identifier <d>
          Body: Sequence_Of_Statements
            Statements: Simple_Assignment_Statement
              LHS: Identifier <r>
              RHS: Char_Array_Literal 'c'
        Action: Else Action
          Body: Sequence_Of_Statements
            Statements: Simple_Assignment_Statement
              LHS: Identifier <r>
              RHS: Char_Array_Literal 'd'
----------------------------------------------------------------------
MISS_HIT Debug Summary: 1 file(s) analysed, everything seems fine
