----------------------------------------------------------------------
--  Parse tree for test.m
Root: Script_File
  Statements: Sequence_Of_Statements
    Statements: Simple_Assignment_Statement
      LHS: Identifier <c>
      RHS: Identifier <cat>
    Statements: Naked_Expression_Statement
      Expression: Reference
        Name: Selection
          Prefix: Identifier <c>
          Field: Identifier <meow>
----------------------------------------------------------------------
MISS_HIT Debug Summary: 1 file(s) analysed, everything seems fine
