----------------------------------------------------------------------
--  Parse tree for afun2.m
Root: Function_File
  Functions: Function_Definition
    Signature: Function_Signature
      Name: Identifier <afun2>
    Body: Sequence_Of_Statements
      Statements: Simple_Assignment_Statement
        LHS: Identifier <a>
        RHS: Cell_Expression
          Rows: Row
            Items: Number_Literal <1>
            Items: Function_Pointer
              Name: Identifier <sin>
            Items: Number_Literal <2>
            Items: Function_Pointer
              Name: Identifier <cos>
      Statements: Simple_Assignment_Statement
        LHS: Identifier <b>
        RHS: Cell_Expression
          Rows: Row
            Items: Number_Literal <1>
            Items: Function_Pointer
              Name: Identifier <sin>
            Items: Number_Literal <2>
            Items: Function_Pointer
              Name: Identifier <cos>
      Statements: Naked_Expression_Statement
        Expression: Reference
          Name: Identifier <assert>
          Arguments: Binary_Operation ==
            LHS: Identifier <a>
            RHS: Identifier <b>
----------------------------------------------------------------------
MISS_HIT Debug Summary: 1 file(s) analysed, everything seems fine
