----------------------------------------------------------------------
--  Parse tree for potato.m
Root: Class_File
  Classdef: Class_Definition
    Name: Identifier <potato>
    Properties: Properties Special_Block
      Items: Entity_Constraints
        Name: Identifier <x>
      Items: Entity_Constraints
        Name: Identifier <y>
    Methods: Methods Special_Block
      Items: Function_Definition
        Signature: Function_Signature
          Name: Identifier <foo>
          Inputs: Identifier <self>
          Outputs: Identifier <r>
        Body: Sequence_Of_Statements
          Statements: Simple_Assignment_Statement
            LHS: Identifier <properties>
            RHS: Identifier <x>
          Statements: Simple_Assignment_Statement
            LHS: Identifier <r>
            RHS: Identifier <properties>
      Items: Function_Definition
        Signature: Function_Signature
          Name: Identifier <properties>
          Inputs: Identifier <self>
          Outputs: Identifier <p>
        Body: Sequence_Of_Statements
          Statements: Simple_Assignment_Statement
            LHS: Identifier <p>
            RHS: Number_Literal <123>
----------------------------------------------------------------------
MISS_HIT Debug Summary: 1 file(s) analysed, everything seems fine
