In test_invalid_assignment_1.m, line 1
| a = [1 2 3];
| ^ info: [SL] IDENTIFIER
In test_invalid_assignment_1.m, line 1
| a = [1 2 3];
|   ^ info: ASSIGNMENT
In test_invalid_assignment_1.m, line 1
| a = [1 2 3];
|     ^ info: M_BRA
In test_invalid_assignment_1.m, line 1
| a = [1 2 3];
|      ^ info: NUMBER
In test_invalid_assignment_1.m, line 1
| a = [1<anon,> 2 3];
|       ^^^^^^^ info: COMMA
In test_invalid_assignment_1.m, line 1
| a = [1 2 3];
|        ^ info: NUMBER
In test_invalid_assignment_1.m, line 1
| a = [1 2<anon,> 3];
|         ^^^^^^^ info: COMMA
In test_invalid_assignment_1.m, line 1
| a = [1 2 3];
|          ^ info: NUMBER
In test_invalid_assignment_1.m, line 1
| a = [1 2 3];
|           ^ info: M_KET
In test_invalid_assignment_1.m, line 1
| a = [1 2 3];
|            ^ info: SEMICOLON
In test_invalid_assignment_1.m, line 1
| a = [1 2 3];
|             ^ info: [S ] NEWLINE
In test_invalid_assignment_1.m, line 3
| [a(2)] = 5;  % ok
| ^ info: [SL] A_BRA
In test_invalid_assignment_1.m, line 3
| [a(2)] = 5;  % ok
|  ^ info: IDENTIFIER
In test_invalid_assignment_1.m, line 3
| [a(2)] = 5;  % ok
|   ^ info: BRA
In test_invalid_assignment_1.m, line 3
| [a(2)] = 5;  % ok
|    ^ info: NUMBER
In test_invalid_assignment_1.m, line 3
| [a(2)] = 5;  % ok
|     ^ info: KET
In test_invalid_assignment_1.m, line 3
| [a(2)] = 5;  % ok
|      ^ info: A_KET
In test_invalid_assignment_1.m, line 3
| [a(2)] = 5;  % ok
|        ^ info: ASSIGNMENT
In test_invalid_assignment_1.m, line 3
| [a(2)] = 5;  % ok
|          ^ info: NUMBER
In test_invalid_assignment_1.m, line 3
| [a(2)] = 5;  % ok
|           ^ info: SEMICOLON
In test_invalid_assignment_1.m, line 3
| [a(2)] = 5;  % ok
|              ^^^^ info: [S ] COMMENT 'ok'
In test_invalid_assignment_1.m, line 3
| [a(2)] = 5;  % ok
|                  ^ info: NEWLINE
In test_invalid_assignment_1.m, line 4
| a (2) = 10;  % ok
| ^ info: [SL] IDENTIFIER
In test_invalid_assignment_1.m, line 4
| a (2) = 10;  % ok
|   ^ info: BRA
In test_invalid_assignment_1.m, line 4
| a (2) = 10;  % ok
|    ^ info: NUMBER
In test_invalid_assignment_1.m, line 4
| a (2) = 10;  % ok
|     ^ info: KET
In test_invalid_assignment_1.m, line 4
| a (2) = 10;  % ok
|       ^ info: ASSIGNMENT
In test_invalid_assignment_1.m, line 4
| a (2) = 10;  % ok
|         ^^ info: NUMBER
In test_invalid_assignment_1.m, line 4
| a (2) = 10;  % ok
|           ^ info: SEMICOLON
In test_invalid_assignment_1.m, line 4
| a (2) = 10;  % ok
|              ^^^^ info: [S ] COMMENT 'ok'
In test_invalid_assignment_1.m, line 4
| a (2) = 10;  % ok
|                  ^ info: NEWLINE
In test_invalid_assignment_1.m, line 5
| [a (2)] = 12; % not ok
| ^ info: [SL] A_BRA
In test_invalid_assignment_1.m, line 5
| [a (2)] = 12; % not ok
|  ^ info: IDENTIFIER
In test_invalid_assignment_1.m, line 5
| [a<anon,> (2)] = 12; % not ok
|   ^^^^^^^ info: COMMA
In test_invalid_assignment_1.m, line 5
| [a (2)] = 12; % not ok
|    ^ info: BRA
In test_invalid_assignment_1.m, line 5
| [a (2)] = 12; % not ok
|     ^ info: NUMBER
In test_invalid_assignment_1.m, line 5
| [a (2)] = 12; % not ok
|      ^ info: KET
In test_invalid_assignment_1.m, line 5
| [a (2)] = 12; % not ok
|       ^ info: A_KET
In test_invalid_assignment_1.m, line 5
| [a (2)] = 12; % not ok
|         ^ info: ASSIGNMENT
In test_invalid_assignment_1.m, line 5
| [a (2)] = 12; % not ok
|           ^^ info: NUMBER
In test_invalid_assignment_1.m, line 5
| [a (2)] = 12; % not ok
|             ^ info: SEMICOLON
In test_invalid_assignment_1.m, line 5
| [a (2)] = 12; % not ok
|               ^^^^^^^^ info: [S ] COMMENT 'not ok'
In test_invalid_assignment_1.m, line 5
| [a (2)] = 12; % not ok
|                       ^ info: NEWLINE
test_invalid_assignment_1.m: lexed OK
MISS_HIT Debug Summary: 1 file(s) analysed, everything seems fine
