MISS_HIT configuration file
  Style configuration copyright_location
    Value: docstring
MISS_HIT Debug Summary: 1 file(s) analysed, everything seems fine
