----------------------------------------------------------------------
--  Parse tree for test_08.m
Root: Script_File
  Statements: Sequence_Of_Statements
    Statements: Naked_Expression_Statement
      Expression: Reference
        Name: Identifier <disp>
        Arguments: String_Literal "1"
----------------------------------------------------------------------
MISS_HIT Debug Summary: 1 file(s) analysed, everything seems fine
