MISS_HIT configuration file
  Style application for file_length
    Enabled: True
  Style application for line_length
    Enabled: False
MISS_HIT Debug Summary: 1 file(s) analysed, everything seems fine
