----------------------------------------------------------------------
--  Parse tree for test_03.m
Root: Function_File
  Functions: Function_Definition
    Signature: Function_Signature
      Name: Identifier <f>
      Outputs: Identifier <x>
      Outputs: Identifier <y>
    Body: Sequence_Of_Statements
      Statements: Naked_Expression_Statement
        Expression: Reference
          Name: Identifier <assert>
          Arguments: Binary_Operation ==
            LHS: Identifier <nargin>
            RHS: Number_Literal <0>
      Statements: Naked_Expression_Statement
        Expression: Reference
          Name: Identifier <assert>
          Arguments: Binary_Operation ==
            LHS: Identifier <nargout>
            RHS: Number_Literal <1>
      Statements: Simple_Assignment_Statement
        LHS: Identifier <x>
        RHS: Number_Literal <2>
  Functions: Function_Definition
    Signature: Function_Signature
      Name: Identifier <test>
    Body: Sequence_Of_Statements
      Statements: Naked_Expression_Statement
        Expression: Reference
          Name: Identifier <assert>
          Arguments: Binary_Operation ==
            LHS: Reference
              Name: Identifier <f>
            RHS: Number_Literal <2>
----------------------------------------------------------------------
MISS_HIT Debug Summary: 1 file(s) analysed, everything seems fine
