----------------------------------------------------------------------
--  Parse tree for test_02.m
Root: Function_File
  Functions: Function_Definition
    Signature: Function_Signature
      Name: Identifier <f>
      Inputs: Identifier <x>
      Inputs: Identifier <y>
    Body: Sequence_Of_Statements
      Statements: Naked_Expression_Statement
        Expression: Reference
          Name: Identifier <assert>
          Arguments: Binary_Operation ==
            LHS: Identifier <nargin>
            RHS: Number_Literal <1>
      Statements: Naked_Expression_Statement
        Expression: Reference
          Name: Identifier <assert>
          Arguments: Binary_Operation ==
            LHS: Identifier <nargout>
            RHS: Number_Literal <0>
  Functions: Function_Definition
    Signature: Function_Signature
      Name: Identifier <test>
    Body: Sequence_Of_Statements
      Statements: Naked_Expression_Statement
        Expression: Reference
          Name: Identifier <f>
          Arguments: Number_Literal <1>
----------------------------------------------------------------------
MISS_HIT Debug Summary: 1 file(s) analysed, everything seems fine
