----------------------------------------------------------------------
--  Parse tree for test.m
Root: Script_File
  Statements: Sequence_Of_Statements
    Statements: Simple_Assignment_Statement
      LHS: Identifier <idx>
      RHS: Matrix_Expression
        Content: Row_List
          Items: Row
            Items: Identifier <true>
          Items: Row
            Items: Binary_Operation >
              LHS: Reference
                Name: Identifier <diff>
                Arguments: Identifier <id_remove>
              RHS: Number_Literal <1>
----------------------------------------------------------------------
MISS_HIT Debug Summary: 1 file(s) analysed, everything seems fine
