----------------------------------------------------------------------
--  Parse tree for test4.m
Root: Script_File
  Statements: Sequence_Of_Statements
    Statements: Simple_Assignment_Statement
      LHS: Identifier <x>
      RHS: Matrix_Expression
        Content: Row_List
          Items: Row
            Items: Matrix_Expression
              Content: Row_List
                Items: Row
                  Items: Number_Literal <1>
            Items: Number_Literal <1>
----------------------------------------------------------------------
MISS_HIT Debug Summary: 1 file(s) analysed, everything seems fine
