In invalid_suffix_01.m, line 1
| 0x12s12
|       ^ [31;1mlex error[0m: suffix must be 8, 16, 32, or 64
invalid_suffix_01.m: lexed with errors
MISS_HIT Debug Summary: 1 file(s) analysed, 1 error(s)
