Using the following PATH:
> dir_a
> dir_b
Symbol table for dir_a/+foo/Func_1.m with 1 active scopes:
=== Level 1 ===
Symbol table for dir_a/+foo/private/Private_Func.m with 1 active scopes:
=== Level 1 ===
Symbol table for dir_b/+foo/Func_2.m with 1 active scopes:
=== Level 1 ===
MISS_HIT Lint Summary: 3 file(s) analysed, everything seems fine
