----------------------------------------------------------------------
--  Parse tree for debugprint.m
Root: Function_File
  Functions: Function_Definition
    Signature: Function_Signature
      Name: Identifier <debugprint>
      Inputs: Identifier <s>
    Body: Sequence_Of_Statements
      Statements: Naked_Expression_Statement
        Expression: Reference
          Name: Identifier <fprintf>
          Arguments: String_Literal "string: <%s>\n"
          Arguments: Identifier <s>
      Statements: Naked_Expression_Statement
        Expression: Reference
          Name: Identifier <fprintf>
          Arguments: String_Literal "length: %u\n"
          Arguments: Reference
            Name: Identifier <length>
            Arguments: Identifier <s>
----------------------------------------------------------------------
MISS_HIT Debug Summary: 1 file(s) analysed, everything seems fine
