In test2.m, line 1
| % (c) Copyright 2020 Florian Schanda
| ^^^^^^^^^^^^^^^^^^^^^^^^^^^^^^^^^^^^ info: [SL] COMMENT '(c) Copyright 2020 Florian Schanda'
In test2.m, line 1
| % (c) Copyright 2020 Florian Schanda
|                                     ^ info: NEWLINE
In test2.m, line 3
| disp x(2,N]
| ^^^^ info: [SL] IDENTIFIER
In test2.m, line 3
| disp x(2,N]
|      ^^^^^^ info: CARRAY
In test2.m, line 3
| disp x(2,N]
|            ^ info: NEWLINE
test2.m: lexed OK
MISS_HIT Debug Summary: 1 file(s) analysed, everything seems fine
