----------------------------------------------------------------------
--  Parse tree for test_04.m
Root: Function_File
  Functions: Function_Definition
    Signature: Function_Signature
      Name: Identifier <test_04>
    Body: Sequence_Of_Statements
      Statements: Naked_Expression_Statement
        Expression: Identifier <nestedfun1>
      Statements: Naked_Expression_Statement
        Expression: Identifier <nestedfun2>
    Nested: Function_Definition
      Signature: Function_Signature
        Name: Identifier <nestedfun1>
      Body: Sequence_Of_Statements
        Statements: Simple_Assignment_Statement
          LHS: Identifier <x>
          RHS: Number_Literal <1>
    Nested: Function_Definition
      Signature: Function_Signature
        Name: Identifier <nestedfun2>
      Body: Sequence_Of_Statements
        Statements: Simple_Assignment_Statement
          LHS: Identifier <x>
          RHS: Number_Literal <2>
----------------------------------------------------------------------
MISS_HIT Debug Summary: 1 file(s) analysed, everything seems fine
