----------------------------------------------------------------------
--  Parse tree for test_06.m
Root: Function_File
  Functions: Function_Definition
    Signature: Function_Signature
      Name: Identifier <test_06>
    Body: Sequence_Of_Statements
      Statements: Simple_Assignment_Statement
        LHS: Identifier <x>
        RHS: Number_Literal <5>
      Statements: Simple_Assignment_Statement
        LHS: Identifier <z>
        RHS: Identifier <nestfun>
    Nested: Function_Definition
      Signature: Function_Signature
        Name: Identifier <nestfun>
        Outputs: Identifier <y>
      Body: Sequence_Of_Statements
        Statements: Simple_Assignment_Statement
          LHS: Identifier <y>
          RHS: Binary_Operation +
            LHS: Identifier <x>
            RHS: Number_Literal <1>
----------------------------------------------------------------------
MISS_HIT Debug Summary: 1 file(s) analysed, everything seems fine
