----------------------------------------------------------------------
--  Parse tree for invalid_03.m
Root: Script_File
  Statements: Sequence_Of_Statements
    Statements: Naked_Expression_Statement
      Expression: Reference
        Name: Identifier <test_30>
        Arguments: Reference
          Name: Identifier <ones>
          Arguments: Number_Literal <2>
          Arguments: Number_Literal <2>
          Arguments: Number_Literal <4>
        Arguments: Number_Literal <144>
----------------------------------------------------------------------
MISS_HIT Debug Summary: 1 file(s) analysed, everything seems fine
