----------------------------------------------------------------------
--  Parse tree for test_21.m
Root: Function_File
  Functions: Function_Definition
    Signature: Function_Signature
      Name: Identifier <myRectangle>
      Inputs: Identifier <width>
      Inputs: Identifier <height>
      Inputs: Identifier <lineOptions>
      Inputs: Identifier <fillOptions>
    Validation: Arguments Special_Block
      Items: Entity_Constraints
        Name: Identifier <width>
        Class: Identifier <double>
      Items: Entity_Constraints
        Name: Identifier <height>
        Class: Identifier <double>
      Items: Entity_Constraints
        Dimension 1 constraint: 1
        Dimension 2 constraint: 1
        Name: Selection
          Prefix: Identifier <lineOptions>
          Field: Identifier <LineStyle>
        Class: Identifier <string>
        Default: String_Literal "-"
      Items: Entity_Constraints
        Dimension 1 constraint: 1
        Dimension 2 constraint: 1
        Name: Selection
          Prefix: Identifier <lineOptions>
          Field: Identifier <LineWidth>
        Functions: Identifier <mustBeNumeric>
        Default: Number_Literal <1>
      Items: Entity_Constraints
        Name: Selection
          Prefix: Identifier <fillOptions>
          Field: Identifier <Color>
        Class: Identifier <string>
      Items: Entity_Constraints
        Name: Selection
          Prefix: Identifier <fillOptions>
          Field: Identifier <Pattern>
    Body: Sequence_Of_Statements
----------------------------------------------------------------------
MISS_HIT Debug Summary: 1 file(s) analysed, everything seems fine
