----------------------------------------------------------------------
--  Parse tree for test_01.m
Root: Function_File
  Functions: Function_Definition
    Signature: Function_Signature
      Name: Identifier <test_01>
    Body: Sequence_Of_Statements
      Statements: Naked_Expression_Statement
        Expression: Escape form Function_Call
          Arguments: Char_Array_Literal 'echo foo bar'
----------------------------------------------------------------------
MISS_HIT Debug Summary: 1 file(s) analysed, everything seems fine
